
ca.90 min
Premiere: 28. September 2023, Pfauen
Pfauen
Auch interessant fÃ¼r Menschen ab 14
ğŸ›ˆ EinfÃ¼hrung 30 Min vor der AuffÃ¼hrung am 2.10., 6.10., 21.10., 25.10. und 17.11.